     1                                 %line 1+1 1.asm
     2                                 
     3                                 
     4                                 
     5                                 
     6                                 
     7                                 [segment .text]
     8                                 
     9                                 
    10                                 
    11                                 
    12                                 
    13                                 
    14                                 
    15                                 
    16                                 
    17                                 [global main]
    18                                 
    19                                 
    20                                 
    21                                 main:
    22 00000000 B801000000              mov eax, 1
    23 00000005 BB45000000              mov ebx, 69
    24 0000000A CD80                    int 0x80
    25                                 
    26                                 
    27                                 
    28                                 
    29                                 
    30                                 
    31                                 
    32                                 
    33                                 
    34                                 
    35                                 
    36                                 
    37                                 
    38                                 
    39                                 
    40                                 
    41                                 
    42                                 
    43                                 
    44                                 
    45                                 
    46                                 
    47                                 
    48                                 
    49                                 
    50                                 
    51                                 
    52                                 
    53                                 
    54                                 
    55                                 
    56                                 
